// Jest Snapshot v1, https://jestjs.io/docs/snapshot-testing

exports[`renders unchanged 1`] = `"<html lang="en"><head></head><body><div class="container my-4"><div class="col-12 col-md-5 mx-auto"><div><div><h1 class="h1">Egidio Caprino</h1><p class="lead">Software Engineer in Hengelo, Netherlands</p></div><p>foo</p></div></div></div></body></html>"`;
