// Jest Snapshot v1, https://jestjs.io/docs/snapshot-testing

exports[`renders unchanged 1`] = `
<div>
  <div
    class="flex flex-col"
  >
    <div
      class="blockquote"
    >
      <p>
        I am a software engineer at
         
        <img
          alt="Thales"
          data-nimg="1"
          decoding="async"
          height="15"
          loading="lazy"
          src="/_next/image?url=%2Fthales.png&w=256&q=75"
          srcset="/_next/image?url=%2Fthales.png&w=128&q=75 1x, /_next/image?url=%2Fthales.png&w=256&q=75 2x"
          style="color: transparent;"
          width="127"
        />
         and I provide IT services for individuals and small businesses.
      </p>
      <h2>
        Services
      </h2>
      <ul>
        <li>
          Migration and maintenance to the public cloud.
        </li>
        <li>
          Set up and maintenance of private clouds, both for business and personal use.
        </li>
        <li>
          Linux server administration.
        </li>
        <li>
          Set up and maintenance of Linux workstations.
        </li>
        <li>
          Web, desktop and mobile applications development and maintenance.
        </li>
      </ul>
    </div>
    <form>
      <h2>
        Contact me
      </h2>
      <div
        class="mb-3"
      >
        <label
          class="form-label"
          for="email"
        >
          Email
        </label>
        <input
          class="form-control"
          id="email"
          name="email"
          required=""
          type="email"
        />
      </div>
      <div
        class="mb-3"
      >
        <label
          class="form-label"
          for="message"
        >
          Password
        </label>
        <textarea
          class="form-control"
          id="message"
          name="message"
          required=""
          rows="3"
        />
      </div>
      <button
        class="btn btn-primary g-recaptcha"
        data-action="send_message"
        data-callback="onReCaptchaSubmit"
        data-sitekey="6LctU1ksAAAAAHSrvyDZpmWEx40rWfIsXmt9NTSF"
        type="button"
      >
        Submit
         
        <span
          aria-hidden="true"
          class=""
        />
      </button>
    </form>
  </div>
</div>
`;
