// Jest Snapshot v1, https://jestjs.io/docs/snapshot-testing

exports[`renders unchanged 1`] = `
<div>
  <div
    class="blockquote"
  >
    <p>
      I am a software engineer at
       
      <img
        alt="Thales"
        data-nimg="1"
        decoding="async"
        height="15"
        loading="lazy"
        src="/_next/image?url=%2Fthales.png&w=256&q=75"
        srcset="/_next/image?url=%2Fthales.png&w=128&q=75 1x, /_next/image?url=%2Fthales.png&w=256&q=75 2x"
        style="color: transparent;"
        width="127"
      />
       and I provide IT services for individuals and small businesses.
    </p>
    <h2>
      Services
    </h2>
    <ul>
      <li>
        Migration and maintenance to the public cloud.
      </li>
      <li>
        Set up and maintenance of private clouds, both for business and personal use.
      </li>
      <li>
        Linux server administration.
      </li>
      <li>
        Set up and maintenance of Linux workstations.
      </li>
      <li>
        Web, desktop and mobile applications development and maintenance.
      </li>
    </ul>
  </div>
</div>
`;
